{
  "address": {
    "id": "1",
    "name": "北海道札幌市　中央区旭ケ丘"
  }
}