{
  "post": {
    "id": "1",
    "title": "test0"
  }
}