{
  "postalCode": {
    "code": "1600004",
    "id": "2"
  }
}