{
  "postalCode": {
    "code": "0640941",
    "id": "1"
  }
}