[
  {
    "message": "not authorized",
    "path": [
      "createPost"
    ]
  }
]