[
  {
    "message": "not authenticated",
    "path": [
      "deletePost"
    ],
    "extensions": {
      "code": "AUTHENTICATION_ERROR"
    }
  }
]