[
  {
    "message": "not my post",
    "path": [
      "deletePost"
    ],
    "extensions": {
      "code": "AUTHORIZATION_ERROR"
    }
  }
]