{
  "address": {
    "id": "2",
    "name": "東京都新宿区四谷"
  }
}