{
  "posts": [
    {
      "id": "1",
      "title": "test0"
    },
    {
      "id": "2",
      "title": "test1"
    },
    {
      "id": "3",
      "title": "test2"
    },
    {
      "id": "4",
      "title": "test3"
    },
    {
      "id": "5",
      "title": "test4"
    }
  ]
}