{
  "posts": [
    {
      "id": "1",
      "title": "test0",
      "user": {
        "email": "test0@example.com",
        "name": "test0"
      }
    },
    {
      "id": "2",
      "title": "test1",
      "user": {
        "email": "test0@example.com",
        "name": "test0"
      }
    },
    {
      "id": "3",
      "title": "test2",
      "user": {
        "email": "test0@example.com",
        "name": "test0"
      }
    },
    {
      "id": "4",
      "title": "test3",
      "user": {
        "email": "test0@example.com",
        "name": "test0"
      }
    },
    {
      "id": "5",
      "title": "test4",
      "user": {
        "email": "test0@example.com",
        "name": "test0"
      }
    }
  ]
}