[
  {
    "message": "record(tag_id = 9999) not exists",
    "path": [
      "tagPosts"
    ]
  }
]