[
  {
    "message": "models: unable to insert into post_tags: Error 1452: Cannot add or update a child row: a foreign key constraint fails (`test`.`post_tags`, CONSTRAINT `post_tags_ibfk_1` FOREIGN KEY (`post_id`) REFERENCES `posts` (`id`))",
    "path": [
      "addTag"
    ]
  }
]